[student@workstation ~]$ lab-configure 

This script configures the connection parameters to access the OpenShift cluster for your lab scripts

 · Enter the API Endpoint: https://api.ap46a.prod.ole.redhat.com:6443
 · Enter the Username: vkndeo
 · Enter the Password: e5e8e891ea464403b15e
 · Enter the GitHub Account Name: sanjurajrh
 · Enter the Quay.io Account Name: sanjuraj_rh

You entered:
 · API Endpoint:			https://api.ap46a.prod.ole.redhat.com:6443
 · Username:				vkndeo
 · Password:				e5e8e891ea464403b15e
 · GitHub Account Name:			sanjurajrh
 · Quay.io Account Name:		sanjuraj_rh

Generated config:
 · API Endpoint:			https://api.ap46a.prod.ole.redhat.com:6443
 · Wildcard Domain:			apps.ap46a.prod.ole.redhat.com
 · Nexus Server Host:			nexus-common.apps.ap46a.prod.ole.redhat.com
 · Username:				vkndeo
 · Password:				e5e8e891ea464403b15e
 · GitHub Account Name:			sanjurajrh
 · Quay.io Account Name:		sanjuraj_rh

Verifying your API Endpoint...

Verifying your Nexus host...

Verifying your OpenShift developer user credentials...

Verifying your GitHub account name...

Verifying your Quay.io account name...

Verifying your cluster configuration...

Saving your lab configuration file...

Saving your Maven settings file...

All fine, lab config saved. You can now proceed with your exercises.

If you need to modify the configuration, rerun this script or directly modify the values in /usr/local/etc/ocp4.config.

[student@workstation ~]$ git clone https://github.com/sanjurajrh/DO180-apps.git
Cloning into 'DO180-apps'...
remote: Enumerating objects: 84, done.
remote: Total 84 (delta 0), reused 0 (delta 0), pack-reused 84
Unpacking objects: 100% (84/84), 225.17 KiB | 447.00 KiB/s, done.
[student@workstation ~]$ git clone https://github.com/sanjurajrh/DO288-apps.git
Cloning into 'DO288-apps'...
remote: Enumerating objects: 1226, done.
remote: Total 1226 (delta 0), reused 0 (delta 0), pack-reused 1226
Receiving objects: 100% (1226/1226), 1.07 MiB | 1.31 MiB/s, done.
Resolving deltas: 100% (320/320), done.
[student@workstation ~]$ cd DO180-apps/
[student@workstation DO180-apps]$ git checkout -b exercise
Switched to a new branch 'exercise'
[student@workstation DO180-apps]$ echo "tst" > test.txt
[student@workstation DO180-apps]$ git add test.txt
[student@workstation DO180-apps]$ git commit -m "new file"
[exercise 5948a78] new file
 1 file changed, 1 insertion(+)
 create mode 100644 test.txt
[student@workstation DO180-apps]$ git push --set-upstream origin exercise 
Gtk-Message: 23:16:10.575: Failed to load module "canberra-gtk-module"
error: unable to read askpass response from '/usr/libexec/openssh/gnome-ssh-askpass'
Username for 'https://github.com': sanjurajrh
Gtk-Message: 23:16:16.008: Failed to load module "canberra-gtk-module"
error: unable to read askpass response from '/usr/libexec/openssh/gnome-ssh-askpass'
Password for 'https://sanjurajrh@github.com': 
To https://github.com/sanjurajrh/DO180-apps.git
 ! [rejected]        exercise -> exercise (non-fast-forward)
error: failed to push some refs to 'https://github.com/sanjurajrh/DO180-apps.git'
hint: Updates were rejected because the tip of your current branch is behind
hint: its remote counterpart. Integrate the remote changes (e.g.
hint: 'git pull ...') before pushing again.
hint: See the 'Note about fast-forwards' in 'git push --help' for details.
[student@workstation DO180-apps]$ git push --set-upstream origin exercise 
To https://github.com/sanjurajrh/DO180-apps.git
 ! [rejected]        exercise -> exercise (non-fast-forward)
error: failed to push some refs to 'https://github.com/sanjurajrh/DO180-apps.git'
hint: Updates were rejected because the tip of your current branch is behind
hint: its remote counterpart. Integrate the remote changes (e.g.
hint: 'git pull ...') before pushing again.
hint: See the 'Note about fast-forwards' in 'git push --help' for details.
[student@workstation DO180-apps]$ git push --set-upstream origin exercise 
To https://github.com/sanjurajrh/DO180-apps.git
 ! [rejected]        exercise -> exercise (non-fast-forward)
error: failed to push some refs to 'https://github.com/sanjurajrh/DO180-apps.git'
hint: Updates were rejected because the tip of your current branch is behind
hint: its remote counterpart. Integrate the remote changes (e.g.
hint: 'git pull ...') before pushing again.
hint: See the 'Note about fast-forwards' in 'git push --help' for details.
[student@workstation DO180-apps]$ git pull 
warning: Pulling without specifying how to reconcile divergent branches is
discouraged. You can squelch this message by running one of the following
commands sometime before your next pull:

  git config pull.rebase false  # merge (the default strategy)
  git config pull.rebase true   # rebase
  git config pull.ff only       # fast-forward only

You can replace "git config" with "git config --global" to set a default
preference for all repositories. You can also pass --rebase, --no-rebase,
or --ff-only on the command line to override the configured default per
invocation.

There is no tracking information for the current branch.
Please specify which branch you want to merge with.
See git-pull(1) for details.

    git pull <remote> <branch>

If you wish to set tracking information for this branch you can do so with:

    git branch --set-upstream-to=origin/<branch> exercise

[student@workstation DO180-apps]$ git branch 
* exercise
  master
[student@workstation DO180-apps]$ git checkout -b ex1
Switched to a new branch 'ex1'
[student@workstation DO180-apps]$ echo "tst" > test.txt
[student@workstation DO180-apps]$ git add test.txt
[student@workstation DO180-apps]$ git commit -m "new file"
On branch ex1
nothing to commit, working tree clean
[student@workstation DO180-apps]$ git push --set-upstream origin ex1
Enumerating objects: 4, done.
Counting objects: 100% (4/4), done.
Delta compression using up to 2 threads
Compressing objects: 100% (2/2), done.
Writing objects: 100% (3/3), 286 bytes | 286.00 KiB/s, done.
Total 3 (delta 1), reused 0 (delta 0), pack-reused 0
remote: Resolving deltas: 100% (1/1), completed with 1 local object.
remote: 
remote: Create a pull request for 'ex1' on GitHub by visiting:
remote:      https://github.com/sanjurajrh/DO180-apps/pull/new/ex1
remote: 
To https://github.com/sanjurajrh/DO180-apps.git
 * [new branch]      ex1 -> ex1
Branch 'ex1' set up to track remote branch 'ex1' from 'origin'.
[student@workstation DO180-apps]$ 
[student@workstation DO180-apps]$ 
[student@workstation DO180-apps]$ 
[student@workstation DO180-apps]$ cd
[student@workstation ~]$ 



































[student@workstation ~]$ 
[student@workstation ~]$ 
[student@workstation ~]$ ls 
Desktop  DO180-apps  DO288-apps  Documents  Downloads  Music  Pictures  Public  Templates  Videos
[student@workstation ~]$ cat /usr/local/etc/ocp4.config 
RHT_OCP4_MASTER_API=https://api.ap46a.prod.ole.redhat.com:6443
RHT_OCP4_WILDCARD_DOMAIN=apps.ap46a.prod.ole.redhat.com
RHT_OCP4_NEXUS_SERVER=nexus-common.apps.ap46a.prod.ole.redhat.com
RHT_OCP4_DEV_USER=vkndeo
RHT_OCP4_DEV_PASSWORD=e5e8e891ea464403b15e
RHT_OCP4_GITHUB_USER=sanjurajrh
RHT_OCP4_QUAY_USER=sanjuraj_rh
[student@workstation ~]$ 
[student@workstation ~]$ lab external-registry start 

Checking prerequisites for GE: Using an External Registry

 Verifying the OpenShift cluster is running:
 · Log in on OpenShift.........................................  SUCCESS
 · Check master node ip-10-0-139-183.ap-southeast-1.compute.int
   ernal is ready..............................................  SUCCESS
 · Check master node ip-10-0-170-110.ap-southeast-1.compute.int
   ernal is ready..............................................  SUCCESS
 · Check master node ip-10-0-211-130.ap-southeast-1.compute.int
   ernal is ready..............................................  SUCCESS
 · Check the internal registry is up and running...............  SUCCESS
 Checking required artifacts:
 · OCI container image 'ubi-sleep' is available................  SUCCESS
 Checking for conflicts with existing OpenShift projects:
 · Project 'vkndeo-external-registry' is absent................  SUCCESS
 Checking for conflicts with existing local containers:
 · Container 'sleep' is absent.................................  SUCCESS

Setting up the classroom for GE: Using an External Registry

 · Download exercise files.....................................  SUCCESS
 · Download OCI container image folder 'ubi-sleep'.............  SUCCESS

Overall start status...........................................  SUCCESS

[student@workstation ~]$ 
[student@workstation ~]$ cat /run/user/1000/containers/auth.json
cat: /run/user/1000/containers/auth.json: No such file or directory
[student@workstation ~]$ 
[student@workstation ~]$ 
[student@workstation ~]$ podman login quay.io
Username: ^C[student@workstation ~]$ 
[student@workstation ~]$ 
[student@workstation ~]$ id
uid=1000(student) gid=1000(student) groups=1000(student),10(wheel) context=unconfined_u:unconfined_r:unconfined_t:s0-s0:c0.c1023
[student@workstation ~]$ 
[student@workstation ~]$ 
[student@workstation ~]$ podman login quay.io
Username: sanjuraj_rh
Password: 
Login Succeeded!
[student@workstation ~]$ cat /run/user/1000/containers/auth.json
{
	"auths": {
		"quay.io": {
			"auth": "c2FuanVyYWpfcmg6UmVkSGF0MSE="
		}
	}
}[student@workstation ~]$ podman logout quay.io
Removed login credentials for quay.io
[student@workstation ~]$ cat /run/user/1000/containers/auth.json
{
	"auths": {}
}[student@workstation ~]$ echo $XDG_RUNTIME

[student@workstation ~]$ skopeo copy -h 
Container "IMAGE-NAME" uses a "transport":"details" format.

Supported transports:
containers-storage, dir, docker, docker-archive, docker-daemon, oci, oci-archive, ostree, tarball

See skopeo(1) section "IMAGE NAMES" for the expected format

Usage:
skopeo copy [command options] SOURCE-IMAGE DESTINATION-IMAGE

Examples:
skopeo copy docker://quay.io/skopeo/stable:latest docker://registry.example.com/skopeo:latest

Flags:
      --additional-tag strings                additional tags (supports docker-archive)
  -a, --all                                   Copy all images if SOURCE-IMAGE is a list
      --authfile string                       path of the authentication file. Default is ${XDG_RUNTIME_DIR}/containers/auth.json
      --decryption-key strings                *Experimental* key needed to decrypt the image
      --dest-authfile string                  path of the authentication file. Default is ${XDG_RUNTIME_DIR}/containers/auth.json
      --dest-cert-dir PATH                    use certificates at PATH (*.crt, *.cert, *.key) to connect to the registry or daemon
      --dest-compress                         Compress tarball image layers when saving to directory using the 'dir' transport. (default is same compression type as source)
      --dest-compress-format FORMAT           FORMAT to use for the compression
      --dest-compress-level LEVEL             LEVEL to use for the compression
      --dest-creds USERNAME[:PASSWORD]        Use USERNAME[:PASSWORD] for accessing the registry
      --dest-daemon-host HOST                 use docker daemon host at HOST (docker-daemon: only)
      --dest-no-creds                         Access the registry anonymously
      --dest-oci-accept-uncompressed-layers   Allow uncompressed image layers when saving to an OCI image using the 'oci' transport. (default is to compress things that aren't compressed)
      --dest-registry-token string            Provide a Bearer token for accessing the registry
      --dest-shared-blob-dir DIRECTORY        DIRECTORY to use to share blobs across OCI repositories
      --dest-tls-verify                       require HTTPS and verify certificates when talking to the container registry or daemon (defaults to true) (default )
      --encrypt-layer ints                    *Experimental* the 0-indexed layer indices, with support for negative indexing (e.g. 0 is the first layer, -1 is the last layer)
      --encryption-key strings                *Experimental* key with the encryption protocol to use needed to encrypt the image (e.g. jwe:/path/to/key.pem)
  -f, --format string                         MANIFEST TYPE (oci, v2s1, or v2s2) to use when saving image to directory using the 'dir:' transport (default is manifest type of source)
  -h, --help                                  help for copy
  -q, --quiet                                 Suppress output information when copying images
      --remove-signatures                     Do not copy signatures from SOURCE-IMAGE
      --retry-times int                       the number of times to possibly retry
      --sign-by FINGERPRINT                   Sign the image using a GPG key with the specified FINGERPRINT
      --src-authfile string                   path of the authentication file. Default is ${XDG_RUNTIME_DIR}/containers/auth.json
      --src-cert-dir PATH                     use certificates at PATH (*.crt, *.cert, *.key) to connect to the registry or daemon
      --src-creds USERNAME[:PASSWORD]         Use USERNAME[:PASSWORD] for accessing the registry
      --src-daemon-host HOST                  use docker daemon host at HOST (docker-daemon: only)
      --src-no-creds                          Access the registry anonymously
      --src-registry-token string             Provide a Bearer token for accessing the registry
      --src-shared-blob-dir DIRECTORY         DIRECTORY to use to share blobs across OCI repositories
      --src-tls-verify                        require HTTPS and verify certificates when talking to the container registry or daemon (defaults to true) (default )

[student@workstation ~]$ 
[student@workstation ~]$ echo $XDG_RUNTIME_DIR
/run/user/1000
[student@workstation ~]$ 
[student@workstation ~]$ 
[student@workstation ~]$ oc whoami  
vkndeo
[student@workstation ~]$ 
[student@workstation ~]$ 
[student@workstation ~]$ oc get projects
NAME                  DISPLAY NAME   STATUS
vkndeo-project1-oci                  Active
[student@workstation ~]$ oc project vkndeo-project1-oci
Now using project "vkndeo-project1-oci" on server "https://api.ap46a.prod.ole.redhat.com:6443".
[student@workstation ~]$ oc get secrets 
NAME                       TYPE                                  DATA   AGE
builder-dockercfg-8m6p7    kubernetes.io/dockercfg               1      11m
builder-token-2cl8v        kubernetes.io/service-account-token   4      11m
builder-token-j28cz        kubernetes.io/service-account-token   4      11m
default-dockercfg-wtbfh    kubernetes.io/dockercfg               1      11m
default-token-9j5sr        kubernetes.io/service-account-token   4      11m
default-token-l28rx        kubernetes.io/service-account-token   4      11m
deployer-dockercfg-h66kd   kubernetes.io/dockercfg               1      11m
deployer-token-fn48j       kubernetes.io/service-account-token   4      11m
deployer-token-jcwnc       kubernetes.io/service-account-token   4      11m
quayio                     kubernetes.io/dockerconfigjson        1      4m20s
[student@workstation ~]$ oc describe sa default 
Name:                default
Namespace:           vkndeo-project1-oci
Labels:              <none>
Annotations:         <none>
Image pull secrets:  default-dockercfg-wtbfh
                     quayio
Mountable secrets:   default-token-l28rx
                     default-dockercfg-wtbfh
Tokens:              default-token-9j5sr
                     default-token-l28rx
Events:              <none>
[student@workstation ~]$ oc new-app --name==ubisleepapp --docker-image=quay.io/sanjuraj_rh/ubi-sleep:1.0
W0411 02:28:10.868004    5771 dockerimagelookup.go:237] container image registry lookup failed: quay.io/sanjuraj_rh/ubi-sleep:1.0: missing signature key
error: unable to locate any local docker images with name "quay.io/sanjuraj_rh/ubi-sleep:1.0"

The 'oc new-app' command will match arguments to the following types:

  1. Images tagged into image streams in the current project or the 'openshift' project
     - if you don't specify a tag, we'll add ':latest'
  2. Images in the Docker Hub, on remote registries, or on the local Docker engine
  3. Templates in the current project or the 'openshift' project
  4. Git repository URLs or local paths that point to Git repositories

--allow-missing-images can be used to point to an image that does not exist yet.

See 'oc new-app -h' for examples.
[student@workstation ~]$ 
[student@workstation ~]$ 
[student@workstation ~]$ 
[student@workstation ~]$ oc get route -n openshift-image-registry 
NAME            HOST/PORT                                                               PATH   SERVICES         PORT    TERMINATION   WILDCARD
default-route   default-route-openshift-image-registry.apps.ap46a.prod.ole.redhat.com          image-registry   <all>   reencrypt     None
[student@workstation ~]$ 
[student@workstation ~]$ 
[student@workstation ~]$ oc get route/default-route -n openshift-image-registry -o yaml 
apiVersion: route.openshift.io/v1
kind: Route
metadata:
  annotations:
    imageregistry.openshift.io: "true"
    imageregistry.operator.openshift.io/checksum: sha256:9ad8062fa1490a315ca448ad2a9e23999fb490a65caa1e44f21ca6e663d95cf0
    openshift.io/host.generated: "true"
  creationTimestamp: "2022-03-12T22:00:20Z"
  managedFields:
  - apiVersion: route.openshift.io/v1
    fieldsType: FieldsV1
    fieldsV1:
      f:metadata:
        f:annotations:
          .: {}
          f:imageregistry.openshift.io: {}
          f:imageregistry.operator.openshift.io/checksum: {}
      f:spec:
        f:tls:
          .: {}
          f:termination: {}
        f:to:
          f:kind: {}
          f:name: {}
          f:weight: {}
        f:wildcardPolicy: {}
    manager: cluster-image-registry-operator
    operation: Update
    time: "2022-03-12T22:00:20Z"
  - apiVersion: route.openshift.io/v1
    fieldsType: FieldsV1
    fieldsV1:
      f:status:
        f:ingress: {}
    manager: openshift-router
    operation: Update
    time: "2022-03-12T22:00:20Z"
  name: default-route
  namespace: openshift-image-registry
  resourceVersion: "353457"
  selfLink: /apis/route.openshift.io/v1/namespaces/openshift-image-registry/routes/default-route
  uid: ddc588db-1fc1-45ac-8b9d-0f1e28769298
spec:
  host: default-route-openshift-image-registry.apps.ap46a.prod.ole.redhat.com
  tls:
    termination: reencrypt
  to:
    kind: Service
    name: image-registry
    weight: 100
  wildcardPolicy: None
status:
  ingress:
  - conditions:
    - lastTransitionTime: "2022-03-12T22:00:20Z"
      status: "True"
      type: Admitted
    host: default-route-openshift-image-registry.apps.ap46a.prod.ole.redhat.com
    routerCanonicalHostname: apps.ap46a.prod.ole.redhat.com
    routerName: default
    wildcardPolicy: None
[student@workstation ~]$ # defaultRoute: true 
[student@workstation ~]$ 
[student@workstation ~]$ oc get all -n openshift-image-registry 
NAME                                                  READY   STATUS      RESTARTS   AGE
pod/cluster-image-registry-operator-98c4d4975-c6zgt   1/1     Running     0          30d
pod/image-pruner-1649462400-wr8lx                     0/1     Completed   0          2d7h
pod/image-pruner-1649548800-cc9b7                     0/1     Completed   0          31h
pod/image-pruner-1649635200-2cgn2                     0/1     Completed   0          7h3m
pod/image-registry-7f776b786-n5sj4                    1/1     Running     0          30d
pod/node-ca-2g9fn                                     1/1     Running     0          29d
pod/node-ca-6t7tz                                     1/1     Running     0          30d
pod/node-ca-bpw5m                                     1/1     Running     0          30d
pod/node-ca-jjfqp                                     1/1     Running     0          29d
pod/node-ca-ljzcb                                     1/1     Running     0          29d
pod/node-ca-lvspx                                     1/1     Running     0          30d
pod/node-ca-q225v                                     1/1     Running     0          30d
pod/node-ca-txxts                                     1/1     Running     0          29d
pod/node-ca-v98mm                                     1/1     Running     0          30d

NAME                                     HOST/PORT                                                               PATH   SERVICES         PORT    TERMINATION   WILDCARD
route.route.openshift.io/default-route   default-route-openshift-image-registry.apps.ap46a.prod.ole.redhat.com          image-registry   <all>   reencrypt     None
Error from server (Forbidden): replicationcontrollers is forbidden: User "vkndeo" cannot list resource "replicationcontrollers" in API group "" in the namespace "openshift-image-registry"
Error from server (Forbidden): services is forbidden: User "vkndeo" cannot list resource "services" in API group "" in the namespace "openshift-image-registry"
Error from server (Forbidden): daemonsets.apps is forbidden: User "vkndeo" cannot list resource "daemonsets" in API group "apps" in the namespace "openshift-image-registry"
Error from server (Forbidden): deployments.apps is forbidden: User "vkndeo" cannot list resource "deployments" in API group "apps" in the namespace "openshift-image-registry"
Error from server (Forbidden): replicasets.apps is forbidden: User "vkndeo" cannot list resource "replicasets" in API group "apps" in the namespace "openshift-image-registry"
Error from server (Forbidden): statefulsets.apps is forbidden: User "vkndeo" cannot list resource "statefulsets" in API group "apps" in the namespace "openshift-image-registry"
Error from server (Forbidden): horizontalpodautoscalers.autoscaling is forbidden: User "vkndeo" cannot list resource "horizontalpodautoscalers" in API group "autoscaling" in the namespace "openshift-image-registry"
Error from server (Forbidden): jobs.batch is forbidden: User "vkndeo" cannot list resource "jobs" in API group "batch" in the namespace "openshift-image-registry"
Error from server (Forbidden): cronjobs.batch is forbidden: User "vkndeo" cannot list resource "cronjobs" in API group "batch" in the namespace "openshift-image-registry"
Error from server (Forbidden): deploymentconfigs.apps.openshift.io is forbidden: User "vkndeo" cannot list resource "deploymentconfigs" in API group "apps.openshift.io" in the namespace "openshift-image-registry"
Error from server (Forbidden): buildconfigs.build.openshift.io is forbidden: User "vkndeo" cannot list resource "buildconfigs" in API group "build.openshift.io" in the namespace "openshift-image-registry"
Error from server (Forbidden): builds.build.openshift.io is forbidden: User "vkndeo" cannot list resource "builds" in API group "build.openshift.io" in the namespace "openshift-image-registry"
Error from server (Forbidden): imagestreams.image.openshift.io is forbidden: User "vkndeo" cannot list resource "imagestreams" in API group "image.openshift.io" in the namespace "openshift-image-registry"
[student@workstation ~]$ oc get config -n openshift-image-registry
[student@workstation ~]$ oc get config -n openshift-image-registry
Error from server (Forbidden): configs.operator.openshift.io is forbidden: User "vkndeo" cannot list resource "configs" in API group "operator.openshift.io" at the cluster scope
[student@workstation ~]$ 
[student@workstation ~]$ 
[student@workstation ~]$ oc get is
NAME        IMAGE REPOSITORY                                                                                      TAGS   UPDATED
ubi-sleep   default-route-openshift-image-registry.apps.ap46a.prod.ole.redhat.com/vkndeo-project1-oci/ubi-sleep   1.0    38 minutes ago
[student@workstation ~]$ oc get istag
NAME            IMAGE REFERENCE                                                                                                                                          UPDATED
ubi-sleep:1.0   image-registry.openshift-image-registry.svc:5000/vkndeo-project1-oci/ubi-sleep@sha256:8cefd80348e4a30ff6e217fa057b77b6e4b0386fb49385ffb0cf2c0e8f8ef1a0   38 minutes ago
[student@workstation ~]$ 
[student@workstation ~]$ 
[student@workstation ~]$ lab multicontainer-helm start 

Checking prerequisites for GE: Creating a Helm Chart

 Verifying the OpenShift cluster is running:
 · Log in on OpenShift.........................................  SUCCESS
 · Check master node ip-10-0-139-183.ap-southeast-1.compute.int
   ernal is ready..............................................  SUCCESS
 · Check master node ip-10-0-170-110.ap-southeast-1.compute.int
   ernal is ready..............................................  SUCCESS
 · Check master node ip-10-0-211-130.ap-southeast-1.compute.int
   ernal is ready..............................................  SUCCESS
 · Check the internal registry is up and running...............  SUCCESS
 Checking required artifacts:
 Checking for conflicts with existing OpenShift projects:
 · Project 'vkndeo-multicontainer-helm' is absent..............  SUCCESS

Setting up the classroom for GE: Creating a Helm Chart

 · Download exercise files.....................................  SUCCESS
 · Download solution files.....................................  SUCCESS

Overall start status...........................................  SUCCESS

[student@workstation ~]$ help m 
mapfile: mapfile [-d delim] [-n count] [-O origin] [-s count] [-t] [-u fd] [-C callback] [-c quantum] [array]
    Read lines from the standard input into an indexed array variable.
    
    Read lines from the standard input into the indexed array variable ARRAY, or
    from file descriptor FD if the -u option is supplied.  The variable MAPFILE
    is the default ARRAY.
    
    Options:
      -d delim	Use DELIM to terminate lines, instead of newline
      -n count	Copy at most COUNT lines.  If COUNT is 0, all lines are copied
      -O origin	Begin assigning to ARRAY at index ORIGIN.  The default index is 0
      -s count	Discard the first COUNT lines read
      -t	Remove a trailing DELIM from each line read (default newline)
      -u fd	Read lines from file descriptor FD instead of the standard input
      -C callback	Evaluate CALLBACK each time QUANTUM lines are read
      -c quantum	Specify the number of lines read between each call to
    			CALLBACK
    
    Arguments:
      ARRAY	Array variable name to use for file data
    
    If -C is supplied without -c, the default quantum is 5000.  When
    CALLBACK is evaluated, it is supplied the index of the next array
    element to be assigned and the line to be assigned to that element
    as additional arguments.
    
    If not supplied with an explicit origin, mapfile will clear ARRAY before
    assigning to it.
    
    Exit Status:
    Returns success unless an invalid option is given or ARRAY is readonly or
    not an indexed array.
[student@workstation ~]$ helm
bash: helm: command not found...
[student@workstation ~]$ helm
bash: helm: command not found...
[student@workstation ~]$ helm
bash: helm: command not found...
[student@workstation ~]$ curl -fsSL -o get_helm.sh https://raw.githubusercontent.com/helm/helm/main/scripts/get-helm-3 
[student@workstation ~]$ chmod 700 get_helm.sh
[student@workstation ~]$ ./get_helm.sh 
Downloading https://get.helm.sh/helm-v3.8.1-linux-amd64.tar.gz
Verifying checksum... Done.
Preparing to install helm into /usr/local/bin
helm installed into /usr/local/bin/helm
[student@workstation ~]$ helm3
bash: helm3: command not found...
[student@workstation ~]$ helm
The Kubernetes package manager

Common actions for Helm:

- helm search:    search for charts
- helm pull:      download a chart to your local directory to view
- helm install:   upload the chart to Kubernetes
- helm list:      list releases of charts

Environment variables:

| Name                               | Description                                                                       |
|------------------------------------|-----------------------------------------------------------------------------------|
| $HELM_CACHE_HOME                   | set an alternative location for storing cached files.                             |
| $HELM_CONFIG_HOME                  | set an alternative location for storing Helm configuration.                       |
| $HELM_DATA_HOME                    | set an alternative location for storing Helm data.                                |
| $HELM_DEBUG                        | indicate whether or not Helm is running in Debug mode                             |
| $HELM_DRIVER                       | set the backend storage driver. Values are: configmap, secret, memory, sql.       |
| $HELM_DRIVER_SQL_CONNECTION_STRING | set the connection string the SQL storage driver should use.                      |
| $HELM_MAX_HISTORY                  | set the maximum number of helm release history.                                   |
| $HELM_NAMESPACE                    | set the namespace used for the helm operations.                                   |
| $HELM_NO_PLUGINS                   | disable plugins. Set HELM_NO_PLUGINS=1 to disable plugins.                        |
| $HELM_PLUGINS                      | set the path to the plugins directory                                             |
| $HELM_REGISTRY_CONFIG              | set the path to the registry config file.                                         |
| $HELM_REPOSITORY_CACHE             | set the path to the repository cache directory                                    |
| $HELM_REPOSITORY_CONFIG            | set the path to the repositories file.                                            |
| $KUBECONFIG                        | set an alternative Kubernetes configuration file (default "~/.kube/config")       |
| $HELM_KUBEAPISERVER                | set the Kubernetes API Server Endpoint for authentication                         |
| $HELM_KUBECAFILE                   | set the Kubernetes certificate authority file.                                    |
| $HELM_KUBEASGROUPS                 | set the Groups to use for impersonation using a comma-separated list.             |
| $HELM_KUBEASUSER                   | set the Username to impersonate for the operation.                                |
| $HELM_KUBECONTEXT                  | set the name of the kubeconfig context.                                           |
| $HELM_KUBETOKEN                    | set the Bearer KubeToken used for authentication.                                 |

Helm stores cache, configuration, and data based on the following configuration order:

- If a HELM_*_HOME environment variable is set, it will be used
- Otherwise, on systems supporting the XDG base directory specification, the XDG variables will be used
- When no other location is set a default location will be used based on the operating system

By default, the default directories depend on the Operating System. The defaults are listed below:

| Operating System | Cache Path                | Configuration Path             | Data Path               |
|------------------|---------------------------|--------------------------------|-------------------------|
| Linux            | $HOME/.cache/helm         | $HOME/.config/helm             | $HOME/.local/share/helm |
| macOS            | $HOME/Library/Caches/helm | $HOME/Library/Preferences/helm | $HOME/Library/helm      |
| Windows          | %TEMP%\helm               | %APPDATA%\helm                 | %APPDATA%\helm          |

Usage:
  helm [command]

Available Commands:
  completion  generate autocompletion scripts for the specified shell
  create      create a new chart with the given name
  dependency  manage a chart's dependencies
  env         helm client environment information
  get         download extended information of a named release
  help        Help about any command
  history     fetch release history
  install     install a chart
  lint        examine a chart for possible issues
  list        list releases
  package     package a chart directory into a chart archive
  plugin      install, list, or uninstall Helm plugins
  pull        download a chart from a repository and (optionally) unpack it in local directory
  push        push a chart to remote
  registry    login to or logout from a registry
  repo        add, list, remove, update, and index chart repositories
  rollback    roll back a release to a previous revision
  search      search for a keyword in charts
  show        show information of a chart
  status      display the status of the named release
  template    locally render templates
  test        run tests for a release
  uninstall   uninstall a release
  upgrade     upgrade a release
  verify      verify that a chart at the given path has been signed and is valid
  version     print the client version information

Flags:
      --debug                       enable verbose output
  -h, --help                        help for helm
      --kube-apiserver string       the address and the port for the Kubernetes API server
      --kube-as-group stringArray   group to impersonate for the operation, this flag can be repeated to specify multiple groups.
      --kube-as-user string         username to impersonate for the operation
      --kube-ca-file string         the certificate authority file for the Kubernetes API server connection
      --kube-context string         name of the kubeconfig context to use
      --kube-token string           bearer token used for authentication
      --kubeconfig string           path to the kubeconfig file
  -n, --namespace string            namespace scope for this request
      --registry-config string      path to the registry config file (default "/home/student/.config/helm/registry/config.json")
      --repository-cache string     path to the file containing cached repository indexes (default "/home/student/.cache/helm/repository")
      --repository-config string    path to the file containing repository names and URLs (default "/home/student/.config/helm/repositories.yaml")

Use "helm [command] --help" for more information about a command.
[student@workstation ~]$ helm version 
version.BuildInfo{Version:"v3.8.1", GitCommit:"5cb9af4b1b271d11d7a97a71df3ac337dd94ad37", GitTreeState:"clean", GoVersion:"go1.17.5"}
[student@workstation ~]$ 
[student@workstation ~]$ 
[student@workstation ~]$ 
[student@workstation ~]$ history 
    1  exit
    2  lab-configure 
    3  git clone https://github.com/sanjurajrh/DO180-apps.git
    4  git clone https://github.com/sanjurajrh/DO288-apps.git
    5  cd DO180-apps/
    6  git checkout -b exercise
    7  echo "tst" > test.txt
    8  git add test.txt
    9  git commit -m "new file"
   10  git push --set-upstream origin exercise 
   11  git pull 
   12  git branch 
   13  git checkout -b ex1
   14  echo "tst" > test.txt
   15  git add test.txt
   16  git commit -m "new file"
   17  git push --set-upstream origin ex1
   18  cd
   19  ls 
   20  cat /usr/local/etc/ocp4.config 
   21  lab external-registry start 
   22  cat /run/user/1000/containers/auth.json
   23  podman login quay.io
   24  id
   25  podman login quay.io
   26  cat /run/user/1000/containers/auth.json
   27  podman logout quay.io
   28  cat /run/user/1000/containers/auth.json
   29  echo $XDG_RUNTIME
   30  skopeo copy -h 
   31  echo $XDG_RUNTIME_DIR
   32  oc whoami  
   33  oc get projects
   34  oc project vkndeo-project1-oci
   35  oc get secrets 
   36  oc describe sa default 
   37  oc new-app --name==ubisleepapp --docker-image=quay.io/sanjuraj_rh/ubi-sleep:1.0
   38  oc get route -n openshift-image-registry 
   39  oc get route/default-route -n openshift-image-registry -o yaml 
   40  # defaultRoute: true 
   41  oc get all -n openshift-image-registry 
   42  oc get config -n openshift-image-registry
   43  oc get is
   44  oc get istag
   45  lab multicontainer-helm start 
   46  help m 
   47  helm
   48  curl -fsSL -o get_helm.sh https://raw.githubusercontent.com/helm/helm/main/scripts/get-helm-3 
   49  chmod 700 get_helm.sh
   50  ./get_helm.sh 
   51  helm3
   52  helm
   53  helm version 
   54  history 
[student@workstation ~]$ 
